
> feedlink-server@1.0.0 build
> tsc

src/routes/admin.ts(56,58): error TS2322: Type 'string | string[]' is not assignable to type 'string | undefined'.
  Type 'string[]' is not assignable to type 'string'.
src/routes/admin.ts(62,16): error TS2322: Type 'string | string[]' is not assignable to type 'string | undefined'.
  Type 'string[]' is not assignable to type 'string'.
src/routes/admin.ts(74,58): error TS2322: Type 'string | string[]' is not assignable to type 'string | undefined'.
  Type 'string[]' is not assignable to type 'string'.
src/routes/admin.ts(80,16): error TS2322: Type 'string | string[]' is not assignable to type 'string | undefined'.
  Type 'string[]' is not assignable to type 'string'.
src/routes/admin.ts(92,41): error TS2322: Type 'string | string[]' is not assignable to type 'string | undefined'.
  Type 'string[]' is not assignable to type 'string'.
src/routes/foodRequests.ts(22,59): error TS2322: Type 'string | string[]' is not assignable to type 'string | undefined'.
  Type 'string[]' is not assignable to type 'string'.
src/routes/listings.ts(100,16): error TS2322: Type 'string | string[]' is not assignable to type 'string | undefined'.
  Type 'string[]' is not assignable to type 'string'.
src/routes/listings.ts(154,64): error TS2322: Type 'string | string[]' is not assignable to type 'string | undefined'.
  Type 'string[]' is not assignable to type 'string'.
src/routes/listings.ts(166,16): error TS2322: Type 'string | string[]' is not assignable to type 'string | undefined'.
  Type 'string[]' is not assignable to type 'string'.
src/routes/listings.ts(184,64): error TS2322: Type 'string | string[]' is not assignable to type 'string | undefined'.
  Type 'string[]' is not assignable to type 'string'.
src/routes/listings.ts(195,44): error TS2322: Type 'string | string[]' is not assignable to type 'string | undefined'.
  Type 'string[]' is not assignable to type 'string'.
src/routes/listings.ts(207,64): error TS2322: Type 'string | string[]' is not assignable to type 'string | undefined'.
  Type 'string[]' is not assignable to type 'string'.
src/routes/listings.ts(217,16): error TS2322: Type 'string | string[]' is not assignable to type 'string | undefined'.
  Type 'string[]' is not assignable to type 'string'.
src/routes/listings.ts(224,18): error TS2322: Type 'string | string[]' is not assignable to type 'string | StringFilter<"Request"> | undefined'.
  Type 'string[]' is not assignable to type 'string | StringFilter<"Request"> | undefined'.
src/routes/notifications.ts(53,16): error TS2322: Type 'string | string[]' is not assignable to type 'string | undefined'.
  Type 'string[]' is not assignable to type 'string'.
src/routes/profile.ts(63,16): error TS2322: Type 'string | string[]' is not assignable to type 'string | undefined'.
  Type 'string[]' is not assignable to type 'string'.
src/routes/requests.ts(34,62): error TS2322: Type 'string | string[]' is not assignable to type 'string | undefined'.
  Type 'string[]' is not assignable to type 'string'.
src/routes/requests.ts(36,62): error TS2551: Property 'listing' does not exist on type '{ status: string; message: string | null; id: string; createdAt: Date; updatedAt: Date; listingId: string; ngoId: string; }'. Did you mean 'listingId'?
src/routes/requests.ts(40,34): error TS2551: Property 'listing' does not exist on type '{ status: string; message: string | null; id: string; createdAt: Date; updatedAt: Date; listingId: string; ngoId: string; }'. Did you mean 'listingId'?
src/routes/requests.ts(47,97): error TS2551: Property 'listing' does not exist on type '{ status: string; message: string | null; id: string; createdAt: Date; updatedAt: Date; listingId: string; ngoId: string; }'. Did you mean 'listingId'?
src/routes/requests.ts(48,87): error TS2551: Property 'listing' does not exist on type '{ status: string; message: string | null; id: string; createdAt: Date; updatedAt: Date; listingId: string; ngoId: string; }'. Did you mean 'listingId'?
src/routes/requests.ts(51,52): error TS2551: Property 'listing' does not exist on type '{ status: string; message: string | null; id: string; createdAt: Date; updatedAt: Date; listingId: string; ngoId: string; }'. Did you mean 'listingId'?
src/routes/requests.ts(55,81): error TS2551: Property 'listing' does not exist on type '{ status: string; message: string | null; id: string; createdAt: Date; updatedAt: Date; listingId: string; ngoId: string; }'. Did you mean 'listingId'?
